// Jest Snapshot v1, https://goo.gl/fbAQLP

exports[`Missions tests render test 1`] = `
<table
  className="border border-slate-400 w-11/12 mx-auto my-5"
>
  <tbody
    className="border border-slate-400"
  >
    <tr
      className="border border-slate-400"
    >
      <th
        className="border border-slate-400"
      >
        Mission
      </th>
      <th
        className="border border-slate-400"
      >
        Description
      </th>
      <th
        className="border border-slate-400"
      >
        Status
      </th>
      <th
        className="border border-slate-400"
      >
         
      </th>
    </tr>
  </tbody>
</table>
`;
